// Jest Snapshot v1, https://goo.gl/fbAQLP

exports[`correctly resolves optimistic updates on Relay schemas 1`] = `
Object {
  "__typename": "Query",
  "root": Object {
    "__typename": "Root",
    "id": "root",
    "items": Object {
      "__typename": "ItemConnection",
      "edges": Array [
        Object {
          "__typename": "ItemEdge",
          "node": Object {
            "__typename": "Item",
            "id": "1",
            "name": "Number One",
          },
        },
        Object {
          "__typename": "ItemEdge",
          "node": Object {
            "__typename": "Item",
            "id": "2",
            "name": "Online",
          },
        },
      ],
    },
  },
}
`;
